// Jest Snapshot v1, https://goo.gl/fbAQLP

exports[`Toast styled components Text should render properly 1`] = `ShallowWrapper {}`;

exports[`Toast styled components TextWrapper should render properly 1`] = `ReactWrapper {}`;

exports[`Toast styled components TextWrapper should render properly 2`] = `ReactWrapper {}`;
